******************************************************************************
                  MSP430 Linker PC v16.9.3                     
******************************************************************************
>> Linked Sat Jun 17 19:32:17 2017

OUTPUT FILE NAME:   <subspy.out>
ENTRY POINT SYMBOL: "_c_int00_noargs_noexit"  address: 000045e8


MEMORY CONFIGURATION

         name            origin    length      used     unused   attr    fill
----------------------  --------  ---------  --------  --------  ----  --------
  SFR                   00000000   00000010  00000000  00000010  RWIX
  PERIPHERALS_8BIT      00000010   000000f0  00000000  000000f0  RWIX
  PERIPHERALS_16BIT     00000100   00000100  00000000  00000100  RWIX
  INFOD                 00001800   00000080  00000000  00000080  RWIX
  INFOC                 00001880   00000080  00000000  00000080  RWIX
  INFOB                 00001900   00000080  00000000  00000080  RWIX
  INFOA                 00001980   00000080  00000000  00000080  RWIX
  USBRAM                00001c00   00000800  00000000  00000800  RWIX
  RAM                   00002400   00002000  000001a6  00001e5a  RWIX
  FLASH                 00004400   0000bb80  000004f6  0000b68a  RWIX
  INT00                 0000ff80   00000002  00000000  00000002  RWIX
  INT01                 0000ff82   00000002  00000000  00000002  RWIX
  INT02                 0000ff84   00000002  00000000  00000002  RWIX
  INT03                 0000ff86   00000002  00000000  00000002  RWIX
  INT04                 0000ff88   00000002  00000000  00000002  RWIX
  INT05                 0000ff8a   00000002  00000000  00000002  RWIX
  INT06                 0000ff8c   00000002  00000000  00000002  RWIX
  INT07                 0000ff8e   00000002  00000000  00000002  RWIX
  INT08                 0000ff90   00000002  00000000  00000002  RWIX
  INT09                 0000ff92   00000002  00000000  00000002  RWIX
  INT10                 0000ff94   00000002  00000000  00000002  RWIX
  INT11                 0000ff96   00000002  00000000  00000002  RWIX
  INT12                 0000ff98   00000002  00000000  00000002  RWIX
  INT13                 0000ff9a   00000002  00000000  00000002  RWIX
  INT14                 0000ff9c   00000002  00000000  00000002  RWIX
  INT15                 0000ff9e   00000002  00000000  00000002  RWIX
  INT16                 0000ffa0   00000002  00000000  00000002  RWIX
  INT17                 0000ffa2   00000002  00000000  00000002  RWIX
  INT18                 0000ffa4   00000002  00000000  00000002  RWIX
  INT19                 0000ffa6   00000002  00000000  00000002  RWIX
  INT20                 0000ffa8   00000002  00000000  00000002  RWIX
  INT21                 0000ffaa   00000002  00000000  00000002  RWIX
  INT22                 0000ffac   00000002  00000000  00000002  RWIX
  INT23                 0000ffae   00000002  00000000  00000002  RWIX
  INT24                 0000ffb0   00000002  00000000  00000002  RWIX
  INT25                 0000ffb2   00000002  00000000  00000002  RWIX
  INT26                 0000ffb4   00000002  00000000  00000002  RWIX
  INT27                 0000ffb6   00000002  00000000  00000002  RWIX
  INT28                 0000ffb8   00000002  00000000  00000002  RWIX
  INT29                 0000ffba   00000002  00000000  00000002  RWIX
  INT30                 0000ffbc   00000002  00000000  00000002  RWIX
  INT31                 0000ffbe   00000002  00000000  00000002  RWIX
  INT32                 0000ffc0   00000002  00000000  00000002  RWIX
  INT33                 0000ffc2   00000002  00000000  00000002  RWIX
  INT34                 0000ffc4   00000002  00000000  00000002  RWIX
  INT35                 0000ffc6   00000002  00000000  00000002  RWIX
  INT36                 0000ffc8   00000002  00000000  00000002  RWIX
  INT37                 0000ffca   00000002  00000000  00000002  RWIX
  INT38                 0000ffcc   00000002  00000000  00000002  RWIX
  INT39                 0000ffce   00000002  00000000  00000002  RWIX
  INT40                 0000ffd0   00000002  00000000  00000002  RWIX
  INT41                 0000ffd2   00000002  00000002  00000000  RWIX
  INT42                 0000ffd4   00000002  00000002  00000000  RWIX
  INT43                 0000ffd6   00000002  00000002  00000000  RWIX
  INT44                 0000ffd8   00000002  00000002  00000000  RWIX
  INT45                 0000ffda   00000002  00000002  00000000  RWIX
  INT46                 0000ffdc   00000002  00000002  00000000  RWIX
  INT47                 0000ffde   00000002  00000002  00000000  RWIX
  INT48                 0000ffe0   00000002  00000002  00000000  RWIX
  INT49                 0000ffe2   00000002  00000002  00000000  RWIX
  INT50                 0000ffe4   00000002  00000002  00000000  RWIX
  INT51                 0000ffe6   00000002  00000002  00000000  RWIX
  INT52                 0000ffe8   00000002  00000002  00000000  RWIX
  INT53                 0000ffea   00000002  00000002  00000000  RWIX
  INT54                 0000ffec   00000002  00000002  00000000  RWIX
  INT55                 0000ffee   00000002  00000002  00000000  RWIX
  INT56                 0000fff0   00000002  00000002  00000000  RWIX
  INT57                 0000fff2   00000002  00000002  00000000  RWIX
  INT58                 0000fff4   00000002  00000002  00000000  RWIX
  INT59                 0000fff6   00000002  00000002  00000000  RWIX
  INT60                 0000fff8   00000002  00000002  00000000  RWIX
  INT61                 0000fffa   00000002  00000002  00000000  RWIX
  INT62                 0000fffc   00000002  00000002  00000000  RWIX
  RESET                 0000fffe   00000002  00000002  00000000  RWIX
  FLASH2                00010000   00014400  0000352e  00010ed2  RWIX


SECTION ALLOCATION MAP

 output                                  attributes/
section   page    origin      length       input sections
--------  ----  ----------  ----------   ----------------
.bss       0    00002400    000000d2     UNINITIALIZED
                  00002400    0000004c     (.common:rfm69Stats)
                  0000244c    00000022     (.common:abramSerialStringDescriptor)
                  0000246e    0000001a     (.common:CdcReadCtrl)
                  00002488    0000000c     (.common:CdcWriteCtrl)
                  00002494    0000000c     (.common:devConfig)
                  000024a0    0000000b     usb.obj (.bss)
                  000024ab    00000001     (.common:bStatusAction)
                  000024ac    00000008     UsbCdc.obj (.bss:CdcControl)
                  000024b4    00000008     (.common:abUsbRequestIncomingData)
                  000024bc    00000008     (.common:abUsbRequestReturnData)
                  000024c4    00000004     (.common:USB_RX_memcpy)
                  000024c8    00000004     (.common:USB_TX_memcpy)
                  000024cc    00000002     (.common:wBytesRemainingOnIEP0)
                  000024ce    00000002     (.common:wBytesRemainingOnOEP0)
                  000024d0    00000002     (.common:wUsbEventMask)

.data      0    000024d2    00000034     UNINITIALIZED
                  000024d2    00000010     rfm69Gateway.obj (.data:cmdBuffer)
                  000024e2    0000000e     systemToolbox.obj (.data)
                  000024f0    00000008     ucs.obj (.data)
                  000024f8    00000008     usb.obj (.data)
                  00002500    00000004     peripheralAccess.obj (.data)
                  00002504    00000002     rfm69Gateway.obj (.data)

.stack     0    00004360    000000a0     UNINITIALIZED
                  00004360    00000004     rts430x_lc_rd_eabi.lib : boot.obj (.stack)
                  00004364    0000009c     --HOLE--

.text:_isr 
*          0    00004400    00000222     
                  00004400    00000138     UsbIsr.obj (.text:_isr:iUsbInterruptHandler)
                  00004538    00000040     systemToolbox.obj (.text:_isr:TIMER1_A0_ISR)
                  00004578    00000036     peripheralAccess.obj (.text:_isr:USCI_B0_ISR)
                  000045ae    00000020     systemToolbox.obj (.text:_isr:Port_1)
                  000045ce    0000001a     peripheralAccess.obj (.text:_isr:Port_2)
                  000045e8    0000001a     rts430x_lc_rd_eabi.lib : boot_special.obj (.text:_isr:_c_int00_noargs_noexit)
                  00004602    00000018     systemToolbox.obj (.text:_isr:NMI_ISR)
                  0000461a    00000008     rts430x_lc_rd_eabi.lib : isr_trap.obj (.text:_isr:__TI_ISR_TRAP)

.cinit     0    000048c8    0000002e     
                  000048c8    0000000c     (.cinit..data.load) [load image, compression = lzss]
                  000048d4    0000000c     (__TI_handler_table)
                  000048e0    00000006     (.cinit..bss.load) [load image, compression = zero_init]
                  000048e6    00000010     (__TI_cinit_table)

.binit     0    00004400    00000000     

.init_array 
*          0    00004400    00000000     UNINITIALIZED

.const     0    00004622    000002a6     
                  00004622    0000010a     descriptors.obj (.const:tUsbRequestList)
                  0000472c    0000008e     descriptors.obj (.const:.string:abromStringDescriptor)
                  000047ba    00000043     descriptors.obj (.const:abromConfigurationDescriptorGroup)
                  000047fd    00000001     --HOLE-- [fill = 0]
                  000047fe    0000002e     rfm69.obj (.const:$P$T0$1)
                  0000482c    00000022     usb.obj (.const:.string)
                  0000484e    0000001c     gpio.obj (.const:GPIO_PORT_TO_BASE)
                  0000486a    00000012     descriptors.obj (.const:.string:abromDeviceDescriptor)
                  0000487c    00000012     rfm69Gateway.obj (.const:.string)
                  0000488e    00000010     descriptors.obj (.const:stUsbHandle)
                  0000489e    0000000e     peripheralAccess.obj (.const:$P$T0$1)
                  000048ac    0000000a     systemToolbox.obj (.const:$P$T0$1)
                  000048b6    0000000a     usbdma.obj (.const:$P$T0$1)
                  000048c0    00000008     systemToolbox.obj (.const:$P$T1$2)

RTC        0    0000ffd2    00000002     
                  0000ffd2    00000002     rts430x_lc_rd_eabi.lib : int41.obj (.int41)

PORT2      0    0000ffd4    00000002     
                  0000ffd4    00000002     peripheralAccess.obj (.int42)

TIMER2_A1 
*          0    0000ffd6    00000002     
                  0000ffd6    00000002     rts430x_lc_rd_eabi.lib : int43.obj (.int43)

TIMER2_A0 
*          0    0000ffd8    00000002     
                  0000ffd8    00000002     rts430x_lc_rd_eabi.lib : int44.obj (.int44)

USCI_B1    0    0000ffda    00000002     
                  0000ffda    00000002     rts430x_lc_rd_eabi.lib : int45.obj (.int45)

USCI_A1    0    0000ffdc    00000002     
                  0000ffdc    00000002     rts430x_lc_rd_eabi.lib : int46.obj (.int46)

PORT1      0    0000ffde    00000002     
                  0000ffde    00000002     systemToolbox.obj (.int47)

TIMER1_A1 
*          0    0000ffe0    00000002     
                  0000ffe0    00000002     rts430x_lc_rd_eabi.lib : int48.obj (.int48)

TIMER1_A0 
*          0    0000ffe2    00000002     
                  0000ffe2    00000002     systemToolbox.obj (.int49)

DMA        0    0000ffe4    00000002     
                  0000ffe4    00000002     rts430x_lc_rd_eabi.lib : int50.obj (.int50)

USB_UBM    0    0000ffe6    00000002     
                  0000ffe6    00000002     UsbIsr.obj (.int51)

TIMER0_A1 
*          0    0000ffe8    00000002     
                  0000ffe8    00000002     rts430x_lc_rd_eabi.lib : int52.obj (.int52)

TIMER0_A0 
*          0    0000ffea    00000002     
                  0000ffea    00000002     rts430x_lc_rd_eabi.lib : int53.obj (.int53)

ADC12      0    0000ffec    00000002     
                  0000ffec    00000002     rts430x_lc_rd_eabi.lib : int54.obj (.int54)

USCI_B0    0    0000ffee    00000002     
                  0000ffee    00000002     peripheralAccess.obj (.int55)

USCI_A0    0    0000fff0    00000002     
                  0000fff0    00000002     rts430x_lc_rd_eabi.lib : int56.obj (.int56)

WDT        0    0000fff2    00000002     
                  0000fff2    00000002     rts430x_lc_rd_eabi.lib : int57.obj (.int57)

TIMER0_B1 
*          0    0000fff4    00000002     
                  0000fff4    00000002     rts430x_lc_rd_eabi.lib : int58.obj (.int58)

TIMER0_B0 
*          0    0000fff6    00000002     
                  0000fff6    00000002     rts430x_lc_rd_eabi.lib : int59.obj (.int59)

COMP_B     0    0000fff8    00000002     
                  0000fff8    00000002     rts430x_lc_rd_eabi.lib : int60.obj (.int60)

UNMI       0    0000fffa    00000002     
                  0000fffa    00000002     systemToolbox.obj (.int61)

SYSNMI     0    0000fffc    00000002     
                  0000fffc    00000002     rts430x_lc_rd_eabi.lib : int62.obj (.int62)

.reset     0    0000fffe    00000002     
                  0000fffe    00000002     rts430x_lc_rd_eabi.lib : boot.obj (.reset)

.text      0    00010000    0000352e     
                  00010000    00000452     UsbCdc.obj (.text:USBCDC_receiveData)
                  00010452    000002aa     UsbCdc.obj (.text:CdcToHostFromBuffer)
                  000106fc    00000230     UsbCdc.obj (.text:CdcToBufferFromHost)
                  0001092c    000001aa     rfm69.obj (.text:rfm69Initialize)
                  00010ad6    000001a2     usb.obj (.text:USB_reset)
                  00010c78    00000118     systemToolbox.obj (.text:sysSetupClocks)
                  00010d90    00000108     ucs.obj (.text:privateUCSSourceClockFromDCO)
                  00010e98    000000fa     UsbCdc.obj (.text:CopyUsbToBuff)
                  00010f92    000000ec     rfm69.obj (.text:rfm69InterruptHandler)
                  0001107e    000000e8     usb.obj (.text:USB_InitSerialStringDescriptor)
                  00011166    000000e2     ucs.obj (.text:UCS_initFLL)
                  00011248    000000e2     usb.obj (.text:USB_enable)
                  0001132a    000000e2     systemToolbox.obj (.text:systemInitGPIO)
                  0001140c    000000e0     pmm.obj (.text:PMM_setVCoreUp)
                  000114ec    000000e0     peripheralAccess.obj (.text:spiInit)
                  000115cc    000000de     ucs.obj (.text:privateUCSComputeCLKFrequency)
                  000116aa    000000d8     UsbCdc.obj (.text:USBCDC_getInterfaceStatus)
                  00011782    000000ca     usb.obj (.text:USB_determineFreq)
                  0001184c    000000ba     UsbCdc.obj (.text:USBCDC_getBytesInUSBBuffer)
                  00011906    000000aa     rfm69.obj (.text:rfm69SetMode)
                  000119b0    000000a6     ucs.obj (.text:UCS_initClockSignal)
                  00011a56    000000a2     pmm.obj (.text:PMM_setVCoreDown)
                  00011af8    0000009a     UsbCdc.obj (.text:USBCDC_sendData)
                  00011b92    00000098     UsbCdc.obj (.text:usbGetLineCoding)
                  00011c2a    00000094     usb.obj (.text:USB_init)
                  00011cbe    00000094     rfm69Gateway.obj (.text:gatewayReceiveCmd)
                  00011d52    00000090     systemToolbox.obj (.text:sysSetupOsTimers)
                  00011de2    00000090     usb.obj (.text:usbClearEndpointFeature)
                  00011e72    0000008a     usb.obj (.text:usbGetEndpointStatus)
                  00011efc    00000086     usb.obj (.text:usbDecodeAndProcessUsbRequest)
                  00011f82    00000082     dma.obj (.text:DMA_init)
                  00012004    00000082     rts430x_lc_rd_eabi.lib : autoinit_wdt.obj (.text:_auto_init_hold_wdt)
                  00012086    0000007e     rfm69Gateway.obj (.text:gatewayActiveListen)
                  00012104    00000078     rts430x_lc_rd_eabi.lib : copy_decompress_lzss.obj (.text:decompress:lzss:__TI_decompress_lzss)
                  0001217c    00000076     UsbIsr.obj (.text:PWRVBUSoffHandler)
                  000121f2    00000070     UsbCdc.obj (.text:Handler_SetLineCoding)
                  00012262    0000006e     usbConstructs.obj (.text:USBCDC_sendDataInBackground)
                  000122d0    0000006e     usb.obj (.text:usbSendNextPacketOnIEP0)
                  0001233e    0000006a     UsbIsr.obj (.text:PWRVBUSonHandler)
                  000123a8    00000066     rts430x_lc_rd_eabi.lib : cpy_tbl.obj (.text:copy_in)
                  0001240e    00000064     usbdma.obj (.text:memcpyDMA)
                  00012472    0000005c     usbdma.obj (.text:USB_initMemcpy)
                  000124ce    0000005c     usci_b_spi.obj (.text:USCI_B_SPI_initMaster)
                  0001252a    0000005a     usb.obj (.text:usbGetStringDescriptor)
                  00012584    00000058     rts430x_lc_rd_eabi.lib : div32u.obj (.text)
                  000125dc    00000056     usbConstructs.obj (.text:USBCDC_receiveDataInBuffer)
                  00012632    00000056     rfm69.obj (.text:rfm69ReceiveBegin)
                  00012688    00000052     rfm69Gateway.obj (.text:gatewayPassiveListen)
                  000126da    00000052     rfm69.obj (.text:rfm69Encrypt)
                  0001272c    00000052     usb.obj (.text:usbReceiveNextPacketOnOEP0)
                  0001277e    00000050     tlv.obj (.text:TLV_getInfo)
                  000127ce    00000050     timer_a.obj (.text:Timer_A_initContinuousMode)
                  0001281e    00000048     UsbIsr.obj (.text:SetupPacketInterruptHandler)
                  00012866    00000048     usb.obj (.text:usbSetEndpointFeature)
                  000128ae    00000044     ucs.obj (.text:UCS_turnOnLFXT1WithTimeout)
                  000128f2    00000042     systemToolbox.obj (.text:sysInit)
                  00012934    00000040     pmm.obj (.text:PMM_setVCore)
                  00012974    00000040     rfm69.obj (.text:rfm69ReceiveDone)
                  000129b4    00000040     rts430x_lc_rd_eabi.lib : div32s.obj (.text)
                  000129f4    0000003e     UsbCdc.obj (.text:CdcResetData)
                  00012a32    0000003e     ucs.obj (.text:UCS_turnOnXT2WithTimeout)
                  00012a70    0000003e     rfm69Gateway.obj (.text:gatewayInit)
                  00012aae    0000003e     rts430x_lc_rd_eabi.lib : lsl32.obj (.text:l_lsl_const)
                  00012aec    0000003e                            : lsr32.obj (.text:l_lsr_const)
                  00012b2a    0000003c     main.obj (.text:main)
                  00012b66    0000003a     usb.obj (.text:USB_setup)
                  00012ba0    00000038     UsbIsr.obj (.text:OEP0InterruptHandler)
                  00012bd8    00000038     timer_a.obj (.text:Timer_A_initCompareMode)
                  00012c10    00000036     ucs.obj (.text:UCS_initFLLSettle)
                  00012c46    00000034     gpio.obj (.text:GPIO_setAsInputPin)
                  00012c7a    00000030     dma.obj (.text:DMA_setDstAddress)
                  00012caa    00000030     usb.obj (.text:USB_getConnectionInformation)
                  00012cda    00000030     usb.obj (.text:USB_suspend)
                  00012d0a    0000002e     dma.obj (.text:DMA_setSrcAddress)
                  00012d38    0000002e     gpio.obj (.text:GPIO_selectInterruptEdge)
                  00012d66    0000002c     rfm69.obj (.text:rfm69ReadRSSI)
                  00012d92    0000002c     rts430x_lc_rd_eabi.lib : div16s.obj (.text)
                  00012dbe    0000002c     usb.obj (.text:usbGetDeviceStatus)
                  00012dea    0000002a     usbdma.obj (.text:memcpyV)
                  00012e14    0000002a     rfm69.obj (.text:rfm69SetPowerLevel)
                  00012e3e    00000028     gpio.obj (.text:GPIO_setAsOutputPin)
                  00012e66    00000028     gpio.obj (.text:GPIO_setAsPeripheralModuleFunctionInputPin)
                  00012e8e    00000028     gpio.obj (.text:GPIO_setAsPeripheralModuleFunctionOutputPin)
                  00012eb6    00000028     rfm69.obj (.text:rfm69SetupRxInterrupt)
                  00012ede    00000028     peripheralAccess.obj (.text:spiReadReg)
                  00012f06    00000026     usb.obj (.text:usbSetConfiguration)
                  00012f2c    00000024     rts430x_lc_rd_eabi.lib : copy_zero_init.obj (.text:decompress:ZI:__TI_zero_init)
                  00012f50    00000024                            : mult32_f5hw.obj (.text)
                  00012f74    00000024     usb.obj (.text:usbDisableInEndpointInterrupt)
                  00012f98    00000024     usb.obj (.text:usbDisableOutEndpointInterrupt)
                  00012fbc    00000022     peripheralAccess.obj (.text:spiWriteReg)
                  00012fde    00000022     usb.obj (.text:usbSendDataPacketOnEP0)
                  00013000    00000020     wdt_a.obj (.text:WDT_A_hold)
                  00013020    00000020     usb.obj (.text:usbSetAddress)
                  00013040    0000001e     gpio.obj (.text:GPIO_clearInterrupt)
                  0001305e    0000001e     gpio.obj (.text:GPIO_enableInterrupt)
                  0001307c    0000001e     ucs.obj (.text:UCS_clearAllOscFlagsWithTimeout)
                  0001309a    0000001e     ucs.obj (.text:UCS_getACLK)
                  000130b8    0000001e     usb.obj (.text:usbGetInterface)
                  000130d6    0000001e     usb.obj (.text:usbGetInterfaceStatus)
                  000130f4    0000001c     gpio.obj (.text:GPIO_setOutputHighOnPin)
                  00013110    0000001c     gpio.obj (.text:GPIO_setOutputLowOnPin)
                  0001312c    0000001c     UsbIsr.obj (.text:IEP0InterruptHandler)
                  00013148    0000001c     rfm69Gateway.obj (.text:gatewayForwardMsg)
                  00013164    0000001c     systemToolbox.obj (.text:sysDelayMs)
                  00013180    0000001a     UsbCdc.obj (.text:CdcIsReceiveInProgress)
                  0001319a    0000001a     ucs.obj (.text:UCS_getSMCLK)
                  000131b4    0000001a     usb.obj (.text:USB_connect)
                  000131ce    0000001a     rfm69.obj (.text:rfm69SetHighPower)
                  000131e8    00000018     usb.obj (.text:USB_resume)
                  00013200    00000018     rts430x_lc_rd_eabi.lib : mult16_f5hw.obj (.text)
                  00013218    00000018     peripheralAccess.obj (.text:spiTransmitByte)
                  00013230    00000018     usb.obj (.text:usbClearDeviceFeature)
                  00013248    00000018     usb.obj (.text:usbSetDeviceFeature)
                  00013260    00000016     ucs.obj (.text:UCS_getMCLK)
                  00013276    00000016     rts430x_lc_rd_eabi.lib : memset.obj (.text:memset)
                  0001328c    00000016                            : div16u.obj (.text)
                  000132a2    00000016     usb.obj (.text:usbGetConfigurationDescriptor)
                  000132b8    00000016     usb.obj (.text:usbGetDeviceDescriptor)
                  000132ce    00000014     usbEventHandling.obj (.text:USB_handleVbusOnEvent)
                  000132e2    00000014     rts430x_lc_rd_eabi.lib : memcpy.obj (.text:memcpy)
                  000132f6    00000014     usb.obj (.text:usbGetConfiguration)
                  0001330a    00000014     usb.obj (.text:usbReceiveDataPacketOnEP0)
                  0001331e    00000014     UsbCdc.obj (.text:usbSetControlLineState)
                  00013332    00000012     ucs.obj (.text:UCS_setExternalClockSource)
                  00013344    00000012     rts430x_lc_rd_eabi.lib : copy_decompress_none.obj (.text:decompress:none:__TI_decompress_none)
                  00013356    00000012     usb.obj (.text:usbSetInterface)
                  00013368    00000010     dma.obj (.text:DMA_disableTransfers)
                  00013378    00000010     dma.obj (.text:DMA_enableTransfers)
                  00013388    0000000e     dma.obj (.text:DMA_getInterruptStatus)
                  00013396    0000000e     dma.obj (.text:DMA_startTransfer)
                  000133a4    0000000e     peripheralAccess.obj (.text:spiReceiveByte)
                  000133b2    0000000e     usb.obj (.text:usbInvalidRequest)
                  000133c0    0000000e     usb.obj (.text:usbSendZeroLengthPacketOnIEP0)
                  000133ce    0000000c     dma.obj (.text:DMA_setTransferSize)
                  000133da    0000000c     timer_a.obj (.text:Timer_A_setCompareValue)
                  000133e6    0000000c     usci_b_spi.obj (.text:USCI_B_SPI_clearInterrupt)
                  000133f2    0000000c     usci_b_spi.obj (.text:USCI_B_SPI_enableInterrupt)
                  000133fe    0000000c     usci_b_spi.obj (.text:USCI_B_SPI_isBusy)
                  0001340a    0000000c     system_pre_init.obj (.text:_system_pre_init)
                  00013416    0000000c     peripheralAccess.obj (.text:spiSlaveDisable)
                  00013422    0000000c     peripheralAccess.obj (.text:spiSlaveEnable)
                  0001342e    0000000c     UsbCdc.obj (.text:usbSetLineCoding)
                  0001343a    0000000a     timer_a.obj (.text:Timer_A_clearCaptureCompareInterrupt)
                  00013444    0000000a     timer_a.obj (.text:Timer_A_getCaptureCompareCount)
                  0001344e    0000000a     usci_b_spi.obj (.text:USCI_B_SPI_getInterruptStatus)
                  00013458    0000000a     usci_b_spi.obj (.text:USCI_B_SPI_transmitData)
                  00013462    0000000a     rts430x_lc_rd_eabi.lib : lsl16.obj (.text)
                  0001346c    0000000a                            : lsr16.obj (.text)
                  00013476    0000000a     systemToolbox.obj (.text:sysGetGTime)
                  00013480    0000000a     usb.obj (.text:usbStallEndpoint0)
                  0001348a    00000008     ucs.obj (.text:UCS_turnOffXT2)
                  00013492    00000008     usbEventHandling.obj (.text:USBCDC_handleDataReceived)
                  0001349a    00000008     usbEventHandling.obj (.text:USB_handleVbusOffEvent)
                  000134a2    00000008     usb.obj (.text:USB_setEnabledEvents)
                  000134aa    00000008     usci_b_spi.obj (.text:USCI_B_SPI_receiveData)
                  000134b2    00000008     rfm69.obj (.text:rfm69Sleep)
                  000134ba    00000006     dma.obj (.text:DMA_disableTransferDuringReadModifyWrite)
                  000134c0    00000006     dma.obj (.text:DMA_enableTransferDuringReadModifyWrite)
                  000134c6    00000006     sfr.obj (.text:SFR_clearInterrupt)
                  000134cc    00000006     sfr.obj (.text:SFR_enableInterrupt)
                  000134d2    00000006     timer_a.obj (.text:Timer_A_startCounter)
                  000134d8    00000006     usb.obj (.text:USB_getVersion)
                  000134de    00000006     usci_b_spi.obj (.text:USCI_B_SPI_enable)
                  000134e4    00000006     rts430x_lc_rd_eabi.lib : exit.obj (.text:abort)
                  000134ea    00000006     rfm69.obj (.text:rfm69Promiscuous)
                  000134f0    00000006     usb.obj (.text:usbClearOEP0ByteCount)
                  000134f6    00000006     usb.obj (.text:usbRestoreInEndpointInterrupt)
                  000134fc    00000006     usb.obj (.text:usbRestoreOutEndpointInterrupt)
                  00013502    00000006     usb.obj (.text:usbStallOEP0)
                  00013508    00000004     usbEventHandling.obj (.text:USBCDC_handleReceiveCompleted)
                  0001350c    00000004     usbEventHandling.obj (.text:USBCDC_handleSendCompleted)
                  00013510    00000004     usbEventHandling.obj (.text:USBCDC_handleSetControlLineState)
                  00013514    00000004     usbEventHandling.obj (.text:USBCDC_handleSetLineCoding)
                  00013518    00000004     usbEventHandling.obj (.text:USB_handleClockEvent)
                  0001351c    00000004     usbEventHandling.obj (.text:USB_handleEnumerationCompleteEvent)
                  00013520    00000004     usbEventHandling.obj (.text:USB_handleResetEvent)
                  00013524    00000004     usbEventHandling.obj (.text:USB_handleResumeEvent)
                  00013528    00000004     usbEventHandling.obj (.text:USB_handleSuspendEvent)
                  0001352c    00000002     rts430x_lc_rd_eabi.lib : startup.obj (.text:_system_post_cinit)

MODULE SUMMARY

       Module                     code    ro data   rw data
       ------                     ----    -------   -------
    .\
       main.obj                   60      0         0      
       system_pre_init.obj        12      0         0      
    +--+--------------------------+-------+---------+---------+
       Total:                     72      0         0      
                                                           
    .\Application\
       rfm69Gateway.obj           446     18        30     
    +--+--------------------------+-------+---------+---------+
       Total:                     446     18        30     
                                                           
    .\USB_API\USB_CDC_API\
       UsbCdc.obj                 3538    0         46     
    +--+--------------------------+-------+---------+---------+
       Total:                     3538    0         46     
                                                           
    .\USB_API\USB_Common\
       usb.obj                    2706    34        76     
       usbdma.obj                 234     10        8      
    +--+--------------------------+-------+---------+---------+
       Total:                     2940    44        84     
                                                           
    .\USB_app\
       usbConstructs.obj          196     0         0      
       usbEventHandling.obj       72      0         0      
    +--+--------------------------+-------+---------+---------+
       Total:                     268     0         0      
                                                           
    .\USB_config\
       UsbIsr.obj                 692     2         0      
       descriptors.obj            0       509       0      
    +--+--------------------------+-------+---------+---------+
       Total:                     692     511       0      
                                                           
    .\driverlib\
       ucs.obj                    1196    0         8      
       pmm.obj                    450     0         0      
       gpio.obj                   334     28        0      
       dma.obj                    308     0         0      
       timer_a.obj                174     0         0      
       usci_b_spi.obj             162     0         0      
       tlv.obj                    80      0         0      
       wdt_a.obj                  32      0         0      
       sfr.obj                    12      0         0      
    +--+--------------------------+-------+---------+---------+
       Total:                     2748    28        8      
                                                           
    .\hal\
       systemToolbox.obj          874     24        14     
       peripheralAccess.obj       440     18        4      
    +--+--------------------------+-------+---------+---------+
       Total:                     1314    42        18     
                                                           
    .\rfm69cw\
       rfm69.obj                  1230    46        76     
    +--+--------------------------+-------+---------+---------+
       Total:                     1230    46        76     
                                                           
    C:\ti\ccsv7\tools\compiler\ti-cgt-msp430_16.9.3.LTS\lib\rts430x_lc_rd_eabi.lib
       autoinit_wdt.obj           130     0         0      
       copy_decompress_lzss.obj   120     0         0      
       cpy_tbl.obj                102     0         0      
       div32u.obj                 88      0         0      
       div32s.obj                 64      0         0      
       lsl32.obj                  62      0         0      
       lsr32.obj                  62      0         0      
       div16s.obj                 44      0         0      
       copy_zero_init.obj         36      0         0      
       mult32_f5hw.obj            36      0         0      
       boot_special.obj           26      0         0      
       mult16_f5hw.obj            24      0         0      
       div16u.obj                 22      0         0      
       memset.obj                 22      0         0      
       memcpy.obj                 20      0         0      
       copy_decompress_none.obj   18      0         0      
       lsl16.obj                  10      0         0      
       lsr16.obj                  10      0         0      
       isr_trap.obj               8       0         0      
       exit.obj                   6       0         0      
       boot.obj                   0       2         0      
       int41.obj                  0       2         0      
       int43.obj                  0       2         0      
       int44.obj                  0       2         0      
       int45.obj                  0       2         0      
       int46.obj                  0       2         0      
       int48.obj                  0       2         0      
       int50.obj                  0       2         0      
       int52.obj                  0       2         0      
       int53.obj                  0       2         0      
       int54.obj                  0       2         0      
       int56.obj                  0       2         0      
       int57.obj                  0       2         0      
       int58.obj                  0       2         0      
       int59.obj                  0       2         0      
       int60.obj                  0       2         0      
       int62.obj                  0       2         0      
       startup.obj                2       0         0      
    +--+--------------------------+-------+---------+---------+
       Total:                     912     34        0      
                                                           
       Stack:                     0       0         160    
       Linker Generated:          0       46        0      
    +--+--------------------------+-------+---------+---------+
       Grand Total:               14160   769       422    


LINKER GENERATED COPY TABLES

__TI_cinit_table @ 000048e6 records: 2, size/record: 8, table size: 16
	.data: load addr=000048c8, load size=0000000c bytes, run addr=000024d2, run size=00000034 bytes, compression=lzss
	.bss: load addr=000048e0, load size=00000006 bytes, run addr=00002400, run size=000000d2 bytes, compression=zero_init


LINKER GENERATED HANDLER TABLE

__TI_handler_table @ 000048d4 records: 3, size/record: 4, table size: 12
	index: 0, handler: __TI_zero_init
	index: 1, handler: __TI_decompress_lzss
	index: 2, handler: __TI_decompress_none


GLOBAL SYMBOLS: SORTED ALPHABETICALLY BY Name 

address   name                                       
-------   ----                                       
00000700  ADC12CTL0                                  
00000701  ADC12CTL0_H                                
00000700  ADC12CTL0_L                                
00000702  ADC12CTL1                                  
00000703  ADC12CTL1_H                                
00000702  ADC12CTL1_L                                
00000704  ADC12CTL2                                  
00000705  ADC12CTL2_H                                
00000704  ADC12CTL2_L                                
0000070c  ADC12IE                                    
0000070d  ADC12IE_H                                  
0000070c  ADC12IE_L                                  
0000070a  ADC12IFG                                   
0000070b  ADC12IFG_H                                 
0000070a  ADC12IFG_L                                 
0000070e  ADC12IV                                    
0000070f  ADC12IV_H                                  
0000070e  ADC12IV_L                                  
00000710  ADC12MCTL0                                 
00000711  ADC12MCTL1                                 
0000071a  ADC12MCTL10                                
0000071b  ADC12MCTL11                                
0000071c  ADC12MCTL12                                
0000071d  ADC12MCTL13                                
0000071e  ADC12MCTL14                                
0000071f  ADC12MCTL15                                
00000712  ADC12MCTL2                                 
00000713  ADC12MCTL3                                 
00000714  ADC12MCTL4                                 
00000715  ADC12MCTL5                                 
00000716  ADC12MCTL6                                 
00000717  ADC12MCTL7                                 
00000718  ADC12MCTL8                                 
00000719  ADC12MCTL9                                 
00000720  ADC12MEM0                                  
00000721  ADC12MEM0_H                                
00000720  ADC12MEM0_L                                
00000722  ADC12MEM1                                  
00000734  ADC12MEM10                                 
00000735  ADC12MEM10_H                               
00000734  ADC12MEM10_L                               
00000736  ADC12MEM11                                 
00000737  ADC12MEM11_H                               
00000736  ADC12MEM11_L                               
00000738  ADC12MEM12                                 
00000739  ADC12MEM12_H                               
00000738  ADC12MEM12_L                               
0000073a  ADC12MEM13                                 
0000073b  ADC12MEM13_H                               
0000073a  ADC12MEM13_L                               
0000073c  ADC12MEM14                                 
0000073d  ADC12MEM14_H                               
0000073c  ADC12MEM14_L                               
0000073e  ADC12MEM15                                 
0000073f  ADC12MEM15_H                               
0000073e  ADC12MEM15_L                               
00000723  ADC12MEM1_H                                
00000722  ADC12MEM1_L                                
00000724  ADC12MEM2                                  
00000725  ADC12MEM2_H                                
00000724  ADC12MEM2_L                                
00000726  ADC12MEM3                                  
00000727  ADC12MEM3_H                                
00000726  ADC12MEM3_L                                
00000728  ADC12MEM4                                  
00000729  ADC12MEM4_H                                
00000728  ADC12MEM4_L                                
0000072a  ADC12MEM5                                  
0000072b  ADC12MEM5_H                                
0000072a  ADC12MEM5_L                                
0000072c  ADC12MEM6                                  
0000072d  ADC12MEM6_H                                
0000072c  ADC12MEM6_L                                
0000072e  ADC12MEM7                                  
0000072f  ADC12MEM7_H                                
0000072e  ADC12MEM7_L                                
00000730  ADC12MEM8                                  
00000731  ADC12MEM8_H                                
00000730  ADC12MEM8_L                                
00000732  ADC12MEM9                                  
00000733  ADC12MEM9_H                                
00000732  ADC12MEM9_L                                
000134e4  C$$EXIT                                    
000008c0  CBCTL0                                     
000008c1  CBCTL0_H                                   
000008c0  CBCTL0_L                                   
000008c2  CBCTL1                                     
000008c3  CBCTL1_H                                   
000008c2  CBCTL1_L                                   
000008c4  CBCTL2                                     
000008c5  CBCTL2_H                                   
000008c4  CBCTL2_L                                   
000008c6  CBCTL3                                     
000008c7  CBCTL3_H                                   
000008c6  CBCTL3_L                                   
000008cc  CBINT                                      
000008cd  CBINT_H                                    
000008cc  CBINT_L                                    
000008ce  CBIV                                       
00000150  CRCDI                                      
00000152  CRCDIRB                                    
00000153  CRCDIRB_H                                  
00000152  CRCDIRB_L                                  
00000151  CRCDI_H                                    
00000150  CRCDI_L                                    
00000154  CRCINIRES                                  
00000155  CRCINIRES_H                                
00000154  CRCINIRES_L                                
00000156  CRCRESR                                    
00000157  CRCRESR_H                                  
00000156  CRCRESR_L                                  
00013180  CdcIsReceiveInProgress                     
0000246e  CdcReadCtrl                                
000129f4  CdcResetData                               
000106fc  CdcToBufferFromHost                        
00010452  CdcToHostFromBuffer                        
00002488  CdcWriteCtrl                               
00010e98  CopyUsbToBuff                              
00000510  DMA0CTL                                    
00000511  DMA0CTL_H                                  
00000510  DMA0CTL_L                                  
00000516  DMA0DA                                     
00000518  DMA0DAH                                    
00000516  DMA0DAL                                    
00000512  DMA0SA                                     
00000514  DMA0SAH                                    
00000512  DMA0SAL                                    
0000051a  DMA0SZ                                     
00000520  DMA1CTL                                    
00000521  DMA1CTL_H                                  
00000520  DMA1CTL_L                                  
00000526  DMA1DA                                     
00000528  DMA1DAH                                    
00000526  DMA1DAL                                    
00000522  DMA1SA                                     
00000524  DMA1SAH                                    
00000522  DMA1SAL                                    
0000052a  DMA1SZ                                     
00000530  DMA2CTL                                    
00000531  DMA2CTL_H                                  
00000530  DMA2CTL_L                                  
00000536  DMA2DA                                     
00000538  DMA2DAH                                    
00000536  DMA2DAL                                    
00000532  DMA2SA                                     
00000534  DMA2SAH                                    
00000532  DMA2SAL                                    
0000053a  DMA2SZ                                     
00000500  DMACTL0                                    
00000501  DMACTL0_H                                  
00000500  DMACTL0_L                                  
00000502  DMACTL1                                    
00000503  DMACTL1_H                                  
00000502  DMACTL1_L                                  
00000504  DMACTL2                                    
00000505  DMACTL2_H                                  
00000504  DMACTL2_L                                  
00000506  DMACTL3                                    
00000507  DMACTL3_H                                  
00000506  DMACTL3_L                                  
00000508  DMACTL4                                    
00000509  DMACTL4_H                                  
00000508  DMACTL4_L                                  
0000050e  DMAIV                                      
0000050f  DMAIV_H                                    
0000050e  DMAIV_L                                    
000134ba  DMA_disableTransferDuringReadModifyWrite   
00013368  DMA_disableTransfers                       
000134c0  DMA_enableTransferDuringReadModifyWrite    
00013378  DMA_enableTransfers                        
00013388  DMA_getInterruptStatus                     
00011f82  DMA_init                                   
00012c7a  DMA_setDstAddress                          
00012d0a  DMA_setSrcAddress                          
000133ce  DMA_setTransferSize                        
00013396  DMA_startTransfer                          
00000140  FCTL1                                      
00000141  FCTL1_H                                    
00000140  FCTL1_L                                    
00000144  FCTL3                                      
00000145  FCTL3_H                                    
00000144  FCTL3_L                                    
00000146  FCTL4                                      
00000147  FCTL4_H                                    
00000146  FCTL4_L                                    
00013040  GPIO_clearInterrupt                        
0001305e  GPIO_enableInterrupt                       
00012d38  GPIO_selectInterruptEdge                   
00012c46  GPIO_setAsInputPin                         
00012e3e  GPIO_setAsOutputPin                        
00012e66  GPIO_setAsPeripheralModuleFunctionInputPin 
00012e8e  GPIO_setAsPeripheralModuleFunctionOutputPin
000130f4  GPIO_setOutputHighOnPin                    
00013110  GPIO_setOutputLowOnPin                     
000121f2  Handler_SetLineCoding                      
0001312c  IEP0InterruptHandler                       
000004c4  MAC                                        
000004da  MAC32H                                     
000004db  MAC32H_H                                   
000004da  MAC32H_L                                   
000004d8  MAC32L                                     
000004d9  MAC32L_H                                   
000004d8  MAC32L_L                                   
000004c6  MACS                                       
000004de  MACS32H                                    
000004df  MACS32H_H                                  
000004de  MACS32H_L                                  
000004dc  MACS32L                                    
000004dd  MACS32L_H                                  
000004dc  MACS32L_L                                  
000004c7  MACS_H                                     
000004c6  MACS_L                                     
000004c5  MAC_H                                      
000004c4  MAC_L                                      
000004c0  MPY                                        
000004ec  MPY32CTL0                                  
000004ed  MPY32CTL0_H                                
000004ec  MPY32CTL0_L                                
000004d2  MPY32H                                     
000004d3  MPY32H_H                                   
000004d2  MPY32H_L                                   
000004d0  MPY32L                                     
000004d1  MPY32L_H                                   
000004d0  MPY32L_L                                   
000004c2  MPYS                                       
000004d6  MPYS32H                                    
000004d7  MPYS32H_H                                  
000004d6  MPYS32H_L                                  
000004d4  MPYS32L                                    
000004d5  MPYS32L_H                                  
000004d4  MPYS32L_L                                  
000004c3  MPYS_H                                     
000004c2  MPYS_L                                     
000004c1  MPY_H                                      
000004c0  MPY_L                                      
00004602  NMI_ISR                                    
00012ba0  OEP0InterruptHandler                       
000004c8  OP2                                        
000004e2  OP2H                                       
000004e3  OP2H_H                                     
000004e2  OP2H_L                                     
000004e0  OP2L                                       
000004e1  OP2L_H                                     
000004e0  OP2L_L                                     
000004c9  OP2_H                                      
000004c8  OP2_L                                      
0000020e  P1IV                                       
0000021e  P2IV                                       
000001e0  P4MAP01                                    
000001e1  P4MAP01_H                                  
000001e0  P4MAP01_L                                  
000001e2  P4MAP23                                    
000001e3  P4MAP23_H                                  
000001e2  P4MAP23_L                                  
000001e4  P4MAP45                                    
000001e5  P4MAP45_H                                  
000001e4  P4MAP45_L                                  
000001e6  P4MAP67                                    
000001e7  P4MAP67_H                                  
000001e6  P4MAP67_L                                  
00000204  PADIR                                      
00000205  PADIR_H                                    
00000204  PADIR_L                                    
00000208  PADS                                       
00000209  PADS_H                                     
00000208  PADS_L                                     
0000021a  PAIE                                       
00000218  PAIES                                      
00000219  PAIES_H                                    
00000218  PAIES_L                                    
0000021b  PAIE_H                                     
0000021a  PAIE_L                                     
0000021c  PAIFG                                      
0000021d  PAIFG_H                                    
0000021c  PAIFG_L                                    
00000200  PAIN                                       
00000201  PAIN_H                                     
00000200  PAIN_L                                     
00000202  PAOUT                                      
00000203  PAOUT_H                                    
00000202  PAOUT_L                                    
00000206  PAREN                                      
00000207  PAREN_H                                    
00000206  PAREN_L                                    
0000020a  PASEL                                      
0000020b  PASEL_H                                    
0000020a  PASEL_L                                    
00000224  PBDIR                                      
00000225  PBDIR_H                                    
00000224  PBDIR_L                                    
00000228  PBDS                                       
00000229  PBDS_H                                     
00000228  PBDS_L                                     
00000220  PBIN                                       
00000221  PBIN_H                                     
00000220  PBIN_L                                     
00000222  PBOUT                                      
00000223  PBOUT_H                                    
00000222  PBOUT_L                                    
00000226  PBREN                                      
00000227  PBREN_H                                    
00000226  PBREN_L                                    
0000022a  PBSEL                                      
0000022b  PBSEL_H                                    
0000022a  PBSEL_L                                    
00000244  PCDIR                                      
00000245  PCDIR_H                                    
00000244  PCDIR_L                                    
00000248  PCDS                                       
00000249  PCDS_H                                     
00000248  PCDS_L                                     
00000240  PCIN                                       
00000241  PCIN_H                                     
00000240  PCIN_L                                     
00000242  PCOUT                                      
00000243  PCOUT_H                                    
00000242  PCOUT_L                                    
00000246  PCREN                                      
00000247  PCREN_H                                    
00000246  PCREN_L                                    
0000024a  PCSEL                                      
0000024b  PCSEL_H                                    
0000024a  PCSEL_L                                    
00000264  PDDIR                                      
00000265  PDDIR_H                                    
00000264  PDDIR_L                                    
00000268  PDDS                                       
00000269  PDDS_H                                     
00000268  PDDS_L                                     
00000260  PDIN                                       
00000261  PDIN_H                                     
00000260  PDIN_L                                     
00000262  PDOUT                                      
00000263  PDOUT_H                                    
00000262  PDOUT_L                                    
00000266  PDREN                                      
00000267  PDREN_H                                    
00000266  PDREN_L                                    
0000026a  PDSEL                                      
0000026b  PDSEL_H                                    
0000026a  PDSEL_L                                    
00000324  PJDIR                                      
00000325  PJDIR_H                                    
00000324  PJDIR_L                                    
00000328  PJDS                                       
00000329  PJDS_H                                     
00000328  PJDS_L                                     
00000320  PJIN                                       
00000321  PJIN_H                                     
00000320  PJIN_L                                     
00000322  PJOUT                                      
00000323  PJOUT_H                                    
00000322  PJOUT_L                                    
00000326  PJREN                                      
00000327  PJREN_H                                    
00000326  PJREN_L                                    
00000130  PM5CTL0                                    
00000131  PM5CTL0_H                                  
00000130  PM5CTL0_L                                  
000001c2  PMAPCTL                                    
000001c3  PMAPCTL_H                                  
000001c2  PMAPCTL_L                                  
000001c0  PMAPKEYID                                  
000001c1  PMAPKEYID_H                                
000001c0  PMAPKEYID_L                                
00000120  PMMCTL0                                    
00000121  PMMCTL0_H                                  
00000120  PMMCTL0_L                                  
00000122  PMMCTL1                                    
00000123  PMMCTL1_H                                  
00000122  PMMCTL1_L                                  
0000012c  PMMIFG                                     
0000012d  PMMIFG_H                                   
0000012c  PMMIFG_L                                   
0000012e  PMMRIE                                     
0000012f  PMMRIE_H                                   
0000012e  PMMRIE_L                                   
00012934  PMM_setVCore                               
00011a56  PMM_setVCoreDown                           
0001140c  PMM_setVCoreUp                             
0001217c  PWRVBUSoffHandler                          
0001233e  PWRVBUSonHandler                           
000045ae  Port_1                                     
000045ce  Port_2                                     
00000158  RCCTL0                                     
00000159  RCCTL0_H                                   
00000158  RCCTL0_L                                   
000001b0  REFCTL0                                    
000001b1  REFCTL0_H                                  
000001b0  REFCTL0_L                                  
000004e4  RES0                                       
000004e5  RES0_H                                     
000004e4  RES0_L                                     
000004e6  RES1                                       
000004e7  RES1_H                                     
000004e6  RES1_L                                     
000004e8  RES2                                       
000004e9  RES2_H                                     
000004e8  RES2_L                                     
000004ea  RES3                                       
000004eb  RES3_H                                     
000004ea  RES3_L                                     
000004cc  RESHI                                      
000004cd  RESHI_H                                    
000004cc  RESHI_L                                    
000004ca  RESLO                                      
000004cb  RESLO_H                                    
000004ca  RESLO_L                                    
000004ba  RTCADOWDAY                                 
000004bb  RTCADOWDAY_H                               
000004ba  RTCADOWDAY_L                               
000004b8  RTCAMINHR                                  
000004b9  RTCAMINHR_H                                
000004b8  RTCAMINHR_L                                
000004a0  RTCCTL01                                   
000004a1  RTCCTL01_H                                 
000004a0  RTCCTL01_L                                 
000004a2  RTCCTL23                                   
000004a3  RTCCTL23_H                                 
000004a2  RTCCTL23_L                                 
000004b4  RTCDATE                                    
000004b5  RTCDATE_H                                  
000004b4  RTCDATE_L                                  
000004ae  RTCIV                                      
000004ac  RTCPS                                      
000004a8  RTCPS0CTL                                  
000004a9  RTCPS0CTL_H                                
000004a8  RTCPS0CTL_L                                
000004aa  RTCPS1CTL                                  
000004ab  RTCPS1CTL_H                                
000004aa  RTCPS1CTL_L                                
000004ad  RTCPS_H                                    
000004ac  RTCPS_L                                    
000004b0  RTCTIM0                                    
000004b1  RTCTIM0_H                                  
000004b0  RTCTIM0_L                                  
000004b2  RTCTIM1                                    
000004b3  RTCTIM1_H                                  
000004b2  RTCTIM1_L                                  
000004b6  RTCYEAR                                    
000004b7  RTCYEAR_H                                  
000004b6  RTCYEAR_L                                  
00000100  SFRIE1                                     
00000101  SFRIE1_H                                   
00000100  SFRIE1_L                                   
00000102  SFRIFG1                                    
00000103  SFRIFG1_H                                  
00000102  SFRIFG1_L                                  
00000104  SFRRPCR                                    
00000105  SFRRPCR_H                                  
00000104  SFRRPCR_L                                  
000134c6  SFR_clearInterrupt                         
000134cc  SFR_enableInterrupt                        
000004ce  SUMEXT                                     
000004cf  SUMEXT_H                                   
000004ce  SUMEXT_L                                   
00000124  SVSMHCTL                                   
00000125  SVSMHCTL_H                                 
00000124  SVSMHCTL_L                                 
00000128  SVSMIO                                     
00000129  SVSMIO_H                                   
00000128  SVSMIO_L                                   
00000126  SVSMLCTL                                   
00000127  SVSMLCTL_H                                 
00000126  SVSMLCTL_L                                 
00000198  SYSBERRIV                                  
00000199  SYSBERRIV_H                                
00000198  SYSBERRIV_L                                
00000182  SYSBSLC                                    
00000183  SYSBSLC_H                                  
00000182  SYSBSLC_L                                  
00000180  SYSCTL                                     
00000181  SYSCTL_H                                   
00000180  SYSCTL_L                                   
00000186  SYSJMBC                                    
00000187  SYSJMBC_H                                  
00000186  SYSJMBC_L                                  
00000188  SYSJMBI0                                   
00000189  SYSJMBI0_H                                 
00000188  SYSJMBI0_L                                 
0000018a  SYSJMBI1                                   
0000018b  SYSJMBI1_H                                 
0000018a  SYSJMBI1_L                                 
0000018c  SYSJMBO0                                   
0000018d  SYSJMBO0_H                                 
0000018c  SYSJMBO0_L                                 
0000018e  SYSJMBO1                                   
0000018f  SYSJMBO1_H                                 
0000018e  SYSJMBO1_L                                 
0000019e  SYSRSTIV                                   
0000019f  SYSRSTIV_H                                 
0000019e  SYSRSTIV_L                                 
0000019c  SYSSNIV                                    
0000019d  SYSSNIV_H                                  
0000019c  SYSSNIV_L                                  
0000019a  SYSUNIV                                    
0000019b  SYSUNIV_H                                  
0000019a  SYSUNIV_L                                  
0001281e  SetupPacketInterruptHandler                
00000352  TA0CCR0                                    
00000354  TA0CCR1                                    
00000356  TA0CCR2                                    
00000358  TA0CCR3                                    
0000035a  TA0CCR4                                    
00000342  TA0CCTL0                                   
00000344  TA0CCTL1                                   
00000346  TA0CCTL2                                   
00000348  TA0CCTL3                                   
0000034a  TA0CCTL4                                   
00000340  TA0CTL                                     
00000360  TA0EX0                                     
0000036e  TA0IV                                      
00000350  TA0R                                       
00000392  TA1CCR0                                    
00000394  TA1CCR1                                    
00000396  TA1CCR2                                    
00000382  TA1CCTL0                                   
00000384  TA1CCTL1                                   
00000386  TA1CCTL2                                   
00000380  TA1CTL                                     
000003a0  TA1EX0                                     
000003ae  TA1IV                                      
00000390  TA1R                                       
00000412  TA2CCR0                                    
00000414  TA2CCR1                                    
00000416  TA2CCR2                                    
00000402  TA2CCTL0                                   
00000404  TA2CCTL1                                   
00000406  TA2CCTL2                                   
00000400  TA2CTL                                     
00000420  TA2EX0                                     
0000042e  TA2IV                                      
00000410  TA2R                                       
000003d2  TB0CCR0                                    
000003d4  TB0CCR1                                    
000003d6  TB0CCR2                                    
000003d8  TB0CCR3                                    
000003da  TB0CCR4                                    
000003dc  TB0CCR5                                    
000003de  TB0CCR6                                    
000003c2  TB0CCTL0                                   
000003c4  TB0CCTL1                                   
000003c6  TB0CCTL2                                   
000003c8  TB0CCTL3                                   
000003ca  TB0CCTL4                                   
000003cc  TB0CCTL5                                   
000003ce  TB0CCTL6                                   
000003c0  TB0CTL                                     
000003e0  TB0EX0                                     
000003ee  TB0IV                                      
000003d0  TB0R                                       
00004538  TIMER1_A0_ISR                              
0001277e  TLV_getInfo                                
0001343a  Timer_A_clearCaptureCompareInterrupt       
00013444  Timer_A_getCaptureCompareCount             
00012bd8  Timer_A_initCompareMode                    
000127ce  Timer_A_initContinuousMode                 
000133da  Timer_A_setCompareValue                    
000134d2  Timer_A_startCounter                       
000005d0  UCA0ABCTL                                  
000005c6  UCA0BRW                                    
000005c7  UCA0BRW_H                                  
000005c6  UCA0BRW_L                                  
000005c0  UCA0CTLW0                                  
000005c1  UCA0CTLW0_H                                
000005c0  UCA0CTLW0_L                                
000005dc  UCA0ICTL                                   
000005dd  UCA0ICTL_H                                 
000005dc  UCA0ICTL_L                                 
000005d2  UCA0IRCTL                                  
000005d3  UCA0IRCTL_H                                
000005d2  UCA0IRCTL_L                                
000005de  UCA0IV                                     
000005c8  UCA0MCTL                                   
000005cc  UCA0RXBUF                                  
000005ca  UCA0STAT                                   
000005ce  UCA0TXBUF                                  
00000610  UCA1ABCTL                                  
00000606  UCA1BRW                                    
00000607  UCA1BRW_H                                  
00000606  UCA1BRW_L                                  
00000600  UCA1CTLW0                                  
00000601  UCA1CTLW0_H                                
00000600  UCA1CTLW0_L                                
0000061c  UCA1ICTL                                   
0000061d  UCA1ICTL_H                                 
0000061c  UCA1ICTL_L                                 
00000612  UCA1IRCTL                                  
00000613  UCA1IRCTL_H                                
00000612  UCA1IRCTL_L                                
0000061e  UCA1IV                                     
00000608  UCA1MCTL                                   
0000060c  UCA1RXBUF                                  
0000060a  UCA1STAT                                   
0000060e  UCA1TXBUF                                  
000005e6  UCB0BRW                                    
000005e7  UCB0BRW_H                                  
000005e6  UCB0BRW_L                                  
000005e0  UCB0CTLW0                                  
000005e1  UCB0CTLW0_H                                
000005e0  UCB0CTLW0_L                                
000005f0  UCB0I2COA                                  
000005f1  UCB0I2COA_H                                
000005f0  UCB0I2COA_L                                
000005f2  UCB0I2CSA                                  
000005f3  UCB0I2CSA_H                                
000005f2  UCB0I2CSA_L                                
000005fc  UCB0ICTL                                   
000005fd  UCB0ICTL_H                                 
000005fc  UCB0ICTL_L                                 
000005fe  UCB0IV                                     
000005ec  UCB0RXBUF                                  
000005ea  UCB0STAT                                   
000005ee  UCB0TXBUF                                  
00000626  UCB1BRW                                    
00000627  UCB1BRW_H                                  
00000626  UCB1BRW_L                                  
00000620  UCB1CTLW0                                  
00000621  UCB1CTLW0_H                                
00000620  UCB1CTLW0_L                                
00000630  UCB1I2COA                                  
00000631  UCB1I2COA_H                                
00000630  UCB1I2COA_L                                
00000632  UCB1I2CSA                                  
00000633  UCB1I2CSA_H                                
00000632  UCB1I2CSA_L                                
0000063c  UCB1ICTL                                   
0000063d  UCB1ICTL_H                                 
0000063c  UCB1ICTL_L                                 
0000063e  UCB1IV                                     
0000062c  UCB1RXBUF                                  
0000062a  UCB1STAT                                   
0000062e  UCB1TXBUF                                  
00000160  UCSCTL0                                    
00000161  UCSCTL0_H                                  
00000160  UCSCTL0_L                                  
00000162  UCSCTL1                                    
00000163  UCSCTL1_H                                  
00000162  UCSCTL1_L                                  
00000164  UCSCTL2                                    
00000165  UCSCTL2_H                                  
00000164  UCSCTL2_L                                  
00000166  UCSCTL3                                    
00000167  UCSCTL3_H                                  
00000166  UCSCTL3_L                                  
00000168  UCSCTL4                                    
00000169  UCSCTL4_H                                  
00000168  UCSCTL4_L                                  
0000016a  UCSCTL5                                    
0000016b  UCSCTL5_H                                  
0000016a  UCSCTL5_L                                  
0000016c  UCSCTL6                                    
0000016d  UCSCTL6_H                                  
0000016c  UCSCTL6_L                                  
0000016e  UCSCTL7                                    
0000016f  UCSCTL7_H                                  
0000016e  UCSCTL7_L                                  
00000170  UCSCTL8                                    
00000171  UCSCTL8_H                                  
00000170  UCSCTL8_L                                  
0001307c  UCS_clearAllOscFlagsWithTimeout            
0001309a  UCS_getACLK                                
00013260  UCS_getMCLK                                
0001319a  UCS_getSMCLK                               
000119b0  UCS_initClockSignal                        
00011166  UCS_initFLL                                
00012c10  UCS_initFLLSettle                          
00013332  UCS_setExternalClockSource                 
0001348a  UCS_turnOffXT2                             
000128ae  UCS_turnOnLFXT1WithTimeout                 
00012a32  UCS_turnOnXT2WithTimeout                   
0001184c  USBCDC_getBytesInUSBBuffer                 
000116aa  USBCDC_getInterfaceStatus                  
00013492  USBCDC_handleDataReceived                  
00013508  USBCDC_handleReceiveCompleted              
0001350c  USBCDC_handleSendCompleted                 
00013510  USBCDC_handleSetControlLineState           
00013514  USBCDC_handleSetLineCoding                 
00010000  USBCDC_receiveData                         
000125dc  USBCDC_receiveDataInBuffer                 
00011af8  USBCDC_sendData                            
00012262  USBCDC_sendDataInBackground                
00000902  USBCNF                                     
00000903  USBCNF_H                                   
00000902  USBCNF_L                                   
0000093c  USBCTL                                     
0000093a  USBFN                                      
0000093b  USBFN_H                                    
0000093a  USBFN_L                                    
0000093f  USBFUNADR                                  
0000093d  USBIE                                      
00002378  USBIEP0BUF                                 
000023c9  USBIEPBBAX_1                               
000023d1  USBIEPBBAX_2                               
000023d9  USBIEPBBAX_3                               
000023e1  USBIEPBBAX_4                               
000023e9  USBIEPBBAX_5                               
000023f1  USBIEPBBAX_6                               
000023f9  USBIEPBBAX_7                               
000023cd  USBIEPBBAY_1                               
000023d5  USBIEPBBAY_2                               
000023dd  USBIEPBBAY_3                               
000023e5  USBIEPBBAY_4                               
000023ed  USBIEPBBAY_5                               
000023f5  USBIEPBBAY_6                               
000023fd  USBIEPBBAY_7                               
000023ca  USBIEPBCTX_1                               
000023d2  USBIEPBCTX_2                               
000023da  USBIEPBCTX_3                               
000023e2  USBIEPBCTX_4                               
000023ea  USBIEPBCTX_5                               
000023f2  USBIEPBCTX_6                               
000023fa  USBIEPBCTX_7                               
000023ce  USBIEPBCTY_1                               
000023d6  USBIEPBCTY_2                               
000023de  USBIEPBCTY_3                               
000023e6  USBIEPBCTY_4                               
000023ee  USBIEPBCTY_5                               
000023f6  USBIEPBCTY_6                               
000023fe  USBIEPBCTY_7                               
00000920  USBIEPCNF_0                                
000023c8  USBIEPCNF_1                                
000023d0  USBIEPCNF_2                                
000023d8  USBIEPCNF_3                                
000023e0  USBIEPCNF_4                                
000023e8  USBIEPCNF_5                                
000023f0  USBIEPCNF_6                                
000023f8  USBIEPCNF_7                                
00000921  USBIEPCNT_0                                
0000092e  USBIEPIE                                   
00000930  USBIEPIFG                                  
000023cf  USBIEPSIZXY_1                              
000023d7  USBIEPSIZXY_2                              
000023df  USBIEPSIZXY_3                              
000023e7  USBIEPSIZXY_4                              
000023ef  USBIEPSIZXY_5                              
000023f7  USBIEPSIZXY_6                              
000023ff  USBIEPSIZXY_7                              
0000093e  USBIFG                                     
00000900  USBKEYID                                   
00000901  USBKEYID_H                                 
00000900  USBKEYID_L                                 
00000936  USBMAINT                                   
00000937  USBMAINT_H                                 
00000936  USBMAINT_L                                 
00002370  USBOEP0BUF                                 
00002389  USBOEPBBAX_1                               
00002391  USBOEPBBAX_2                               
00002399  USBOEPBBAX_3                               
000023a1  USBOEPBBAX_4                               
000023a9  USBOEPBBAX_5                               
000023b1  USBOEPBBAX_6                               
000023b9  USBOEPBBAX_7                               
0000238d  USBOEPBBAY_1                               
00002395  USBOEPBBAY_2                               
0000239d  USBOEPBBAY_3                               
000023a5  USBOEPBBAY_4                               
000023ad  USBOEPBBAY_5                               
000023b5  USBOEPBBAY_6                               
000023bd  USBOEPBBAY_7                               
0000238a  USBOEPBCTX_1                               
00002392  USBOEPBCTX_2                               
0000239a  USBOEPBCTX_3                               
000023a2  USBOEPBCTX_4                               
000023aa  USBOEPBCTX_5                               
000023b2  USBOEPBCTX_6                               
000023ba  USBOEPBCTX_7                               
0000238e  USBOEPBCTY_1                               
00002396  USBOEPBCTY_2                               
0000239e  USBOEPBCTY_3                               
000023a6  USBOEPBCTY_4                               
000023ae  USBOEPBCTY_5                               
000023b6  USBOEPBCTY_6                               
000023be  USBOEPBCTY_7                               
00000922  USBOEPCNF_0                                
00002388  USBOEPCNF_1                                
00002390  USBOEPCNF_2                                
00002398  USBOEPCNF_3                                
000023a0  USBOEPCNF_4                                
000023a8  USBOEPCNF_5                                
000023b0  USBOEPCNF_6                                
000023b8  USBOEPCNF_7                                
00000923  USBOEPCNT_0                                
0000092f  USBOEPIE                                   
00000931  USBOEPIFG                                  
0000238f  USBOEPSIZXY_1                              
00002397  USBOEPSIZXY_2                              
0000239f  USBOEPSIZXY_3                              
000023a7  USBOEPSIZXY_4                              
000023af  USBOEPSIZXY_5                              
000023b7  USBOEPSIZXY_6                              
000023bf  USBOEPSIZXY_7                              
00000904  USBPHYCTL                                  
00000905  USBPHYCTL_H                                
00000904  USBPHYCTL_L                                
00000910  USBPLLCTL                                  
00000911  USBPLLCTL_H                                
00000910  USBPLLCTL_L                                
00000912  USBPLLDIVB                                 
00000913  USBPLLDIVB_H                               
00000912  USBPLLDIVB_L                               
00000914  USBPLLIR                                   
00000915  USBPLLIR_H                                 
00000914  USBPLLIR_L                                 
00000908  USBPWRCTL                                  
00000909  USBPWRCTL_H                                
00000908  USBPWRCTL_L                                
00001c00  USBSTABUFF                                 
00002380  USBSUBLK                                   
0000236f  USBTOPBUFF                                 
00000938  USBTSREG                                   
00000939  USBTSREG_H                                 
00000938  USBTSREG_L                                 
00000932  USBVECINT                                  
00000933  USBVECINT_H                                
00000932  USBVECINT_L                                
0001107e  USB_InitSerialStringDescriptor             
000024c4  USB_RX_memcpy                              
000024c8  USB_TX_memcpy                              
000131b4  USB_connect                                
00011782  USB_determineFreq                          
00011248  USB_enable                                 
00012caa  USB_getConnectionInformation               
000134d8  USB_getVersion                             
00013518  USB_handleClockEvent                       
0001351c  USB_handleEnumerationCompleteEvent         
00013520  USB_handleResetEvent                       
00013524  USB_handleResumeEvent                      
00013528  USB_handleSuspendEvent                     
[...]
00002389  USBOEPBBAX_1                               
0000238a  USBOEPBCTX_1                               
0000238d  USBOEPBBAY_1                               
0000238e  USBOEPBCTY_1                               
0000238f  USBOEPSIZXY_1                              
00002390  USBOEPCNF_2                                
00002391  USBOEPBBAX_2                               
00002392  USBOEPBCTX_2                               
00002395  USBOEPBBAY_2                               
00002396  USBOEPBCTY_2                               
00002397  USBOEPSIZXY_2                              
00002398  USBOEPCNF_3                                
00002399  USBOEPBBAX_3                               
0000239a  USBOEPBCTX_3                               
0000239d  USBOEPBBAY_3                               
0000239e  USBOEPBCTY_3                               
0000239f  USBOEPSIZXY_3                              
000023a0  USBOEPCNF_4                                
000023a1  USBOEPBBAX_4                               
000023a2  USBOEPBCTX_4                               
000023a5  USBOEPBBAY_4                               
000023a6  USBOEPBCTY_4                               
000023a7  USBOEPSIZXY_4                              
000023a8  USBOEPCNF_5                                
000023a9  USBOEPBBAX_5                               
000023aa  USBOEPBCTX_5                               
000023ad  USBOEPBBAY_5                               
000023ae  USBOEPBCTY_5                               
000023af  USBOEPSIZXY_5                              
000023b0  USBOEPCNF_6                                
000023b1  USBOEPBBAX_6                               
000023b2  USBOEPBCTX_6                               
000023b5  USBOEPBBAY_6                               
000023b6  USBOEPBCTY_6                               
000023b7  USBOEPSIZXY_6                              
000023b8  USBOEPCNF_7                                
000023b9  USBOEPBBAX_7                               
000023ba  USBOEPBCTX_7                               
000023bd  USBOEPBBAY_7                               
000023be  USBOEPBCTY_7                               
000023bf  USBOEPSIZXY_7                              
000023c8  USBIEPCNF_1                                
000023c8  tInputEndPointDescriptorBlock              
000023c9  USBIEPBBAX_1                               
000023ca  USBIEPBCTX_1                               
000023cd  USBIEPBBAY_1                               
000023ce  USBIEPBCTY_1                               
000023cf  USBIEPSIZXY_1                              
000023d0  USBIEPCNF_2                                
000023d1  USBIEPBBAX_2                               
000023d2  USBIEPBCTX_2                               
000023d5  USBIEPBBAY_2                               
000023d6  USBIEPBCTY_2                               
000023d7  USBIEPSIZXY_2                              
000023d8  USBIEPCNF_3                                
000023d9  USBIEPBBAX_3                               
000023da  USBIEPBCTX_3                               
000023dd  USBIEPBBAY_3                               
000023de  USBIEPBCTY_3                               
000023df  USBIEPSIZXY_3                              
000023e0  USBIEPCNF_4                                
000023e1  USBIEPBBAX_4                               
000023e2  USBIEPBCTX_4                               
000023e5  USBIEPBBAY_4                               
000023e6  USBIEPBCTY_4                               
000023e7  USBIEPSIZXY_4                              
000023e8  USBIEPCNF_5                                
000023e9  USBIEPBBAX_5                               
000023ea  USBIEPBCTX_5                               
000023ed  USBIEPBBAY_5                               
000023ee  USBIEPBCTY_5                               
000023ef  USBIEPSIZXY_5                              
000023f0  USBIEPCNF_6                                
000023f1  USBIEPBBAX_6                               
000023f2  USBIEPBCTX_6                               
000023f5  USBIEPBBAY_6                               
000023f6  USBIEPBCTY_6                               
000023f7  USBIEPSIZXY_6                              
000023f8  USBIEPCNF_7                                
000023f9  USBIEPBBAX_7                               
000023fa  USBIEPBCTX_7                               
000023fd  USBIEPBBAY_7                               
000023fe  USBIEPBCTY_7                               
000023ff  USBIEPSIZXY_7                              
00002400  rfm69Stats                                 
0000244c  abramSerialStringDescriptor                
0000246e  CdcReadCtrl                                
00002488  CdcWriteCtrl                               
00002494  devConfig                                  
000024ab  bStatusAction                              
000024b4  abUsbRequestIncomingData                   
000024bc  abUsbRequestReturnData                     
000024c4  USB_RX_memcpy                              
000024c8  USB_TX_memcpy                              
000024cc  wBytesRemainingOnIEP0                      
000024ce  wBytesRemainingOnOEP0                      
000024d0  wUsbEventMask                              
000024d2  cmdBuffer                                  
000024e2  globalTimeMs                               
000024e6  wakeMeUpAt                                 
000024ea  clockValue                                 
000024ee  clockInitStatus                            
000024ef  forceEnable                                
000024f9  bFunctionSuspended                         
000024fa  bEnumerationStatus                         
000024fc  VERSION                                    
00002500  received                                   
00002501  pinInterrupt                               
00002502  intCounter                                 
00002503  returnValue                                
00002504  bCDCDataReceived_event                     
00002505  spyEnable                                  
00004360  _stack                                     
00004400  __STACK_END                                
00004400  iUsbInterruptHandler                       
00004538  TIMER1_A0_ISR                              
00004578  USCI_B0_ISR                                
000045ae  Port_1                                     
000045ce  Port_2                                     
000045e8  _c_int00_noargs_noexit                     
00004602  NMI_ISR                                    
0000461a  __TI_ISR_TRAP                              
00004622  tUsbRequestList                            
0000472c  abromStringDescriptor                      
000047ba  abromConfigurationDescriptorGroup          
0000486a  abromDeviceDescriptor                      
0000488e  stUsbHandle                                
000048d4  __TI_Handler_Table_Base                    
000048e0  __TI_Handler_Table_Limit                   
000048e6  __TI_CINIT_Base                            
000048f6  __TI_CINIT_Limit                           
0000ffd2  __TI_int41                                 
0000ffd4  __TI_int42                                 
0000ffd6  __TI_int43                                 
0000ffd8  __TI_int44                                 
0000ffda  __TI_int45                                 
0000ffdc  __TI_int46                                 
0000ffde  __TI_int47                                 
0000ffe0  __TI_int48                                 
0000ffe2  __TI_int49                                 
0000ffe4  __TI_int50                                 
0000ffe6  __TI_int51                                 
0000ffe8  __TI_int52                                 
0000ffea  __TI_int53                                 
0000ffec  __TI_int54                                 
0000ffee  __TI_int55                                 
0000fff0  __TI_int56                                 
0000fff2  __TI_int57                                 
0000fff4  __TI_int58                                 
0000fff6  __TI_int59                                 
0000fff8  __TI_int60                                 
0000fffa  __TI_int61                                 
0000fffc  __TI_int62                                 
0000fffe  _reset_vector                              
00010000  USBCDC_receiveData                         
00010452  CdcToHostFromBuffer                        
000106fc  CdcToBufferFromHost                        
0001092c  rfm69Initialize                            
00010ad6  USB_reset                                  
00010e98  CopyUsbToBuff                              
00010f92  rfm69InterruptHandler                      
0001107e  USB_InitSerialStringDescriptor             
00011166  UCS_initFLL                                
00011248  USB_enable                                 
0001140c  PMM_setVCoreUp                             
000114ec  spiInit                                    
000116aa  USBCDC_getInterfaceStatus                  
00011782  USB_determineFreq                          
0001184c  USBCDC_getBytesInUSBBuffer                 
00011906  rfm69SetMode                               
000119b0  UCS_initClockSignal                        
00011a56  PMM_setVCoreDown                           
00011af8  USBCDC_sendData                            
00011b92  usbGetLineCoding                           
00011c2a  USB_init                                   
00011cbe  gatewayReceiveCmd                          
00011de2  usbClearEndpointFeature                    
00011e72  usbGetEndpointStatus                       
00011efc  usbDecodeAndProcessUsbRequest              
00011f82  DMA_init                                   
00012004  _auto_init_hold_wdt                        
00012104  __TI_decompress_lzss                       
0001217c  PWRVBUSoffHandler                          
000121f2  Handler_SetLineCoding                      
00012262  USBCDC_sendDataInBackground                
000122d0  usbSendNextPacketOnIEP0                    
0001233e  PWRVBUSonHandler                           
000123a8  copy_in                                    
0001240e  memcpyDMA                                  
00012472  USB_initMemcpy                             
000124ce  USCI_B_SPI_initMaster                      
0001252a  usbGetStringDescriptor                     
00012584  __mspabi_divul                             
00012584  __mspabi_remul                             
000125dc  USBCDC_receiveDataInBuffer                 
00012688  gatewayPassiveListen                       
000126da  rfm69Encrypt                               
0001272c  usbReceiveNextPacketOnOEP0                 
0001277e  TLV_getInfo                                
000127ce  Timer_A_initContinuousMode                 
0001281e  SetupPacketInterruptHandler                
00012866  usbSetEndpointFeature                      
000128ae  UCS_turnOnLFXT1WithTimeout                 
000128f2  sysInit                                    
00012934  PMM_setVCore                               
00012974  rfm69ReceiveDone                           
000129b4  __mspabi_divli                             
000129b4  __mspabi_remli                             
000129f4  CdcResetData                               
00012a32  UCS_turnOnXT2WithTimeout                   
00012a70  gatewayInit                                
00012aae  __mspabi_slll_15                           
00012ab2  __mspabi_slll_14                           
00012ab6  __mspabi_slll_13                           
00012aba  __mspabi_slll_12                           
00012abe  __mspabi_slll_11                           
00012ac2  __mspabi_slll_10                           
00012ac6  __mspabi_slll_9                            
00012aca  __mspabi_slll_8                            
00012ace  __mspabi_slll_7                            
00012ad2  __mspabi_slll_6                            
00012ad6  __mspabi_slll_5                            
00012ada  __mspabi_slll_4                            
00012ade  __mspabi_slll_3                            
00012ae2  __mspabi_slll_2                            
00012ae6  __mspabi_slll_1                            
00012aec  __mspabi_srll_15                           
00012af0  __mspabi_srll_14                           
00012af4  __mspabi_srll_13                           
00012af8  __mspabi_srll_12                           
00012afc  __mspabi_srll_11                           
00012b00  __mspabi_srll_10                           
00012b04  __mspabi_srll_9                            
00012b08  __mspabi_srll_8                            
00012b0c  __mspabi_srll_7                            
00012b10  __mspabi_srll_6                            
00012b14  __mspabi_srll_5                            
00012b18  __mspabi_srll_4                            
00012b1c  __mspabi_srll_3                            
00012b20  __mspabi_srll_2                            
00012b24  __mspabi_srll_1                            
00012b2a  main                                       
00012b66  USB_setup                                  
00012ba0  OEP0InterruptHandler                       
00012bd8  Timer_A_initCompareMode                    
00012c10  UCS_initFLLSettle                          
00012c46  GPIO_setAsInputPin                         
00012c46  gpioSetAsInputPin                          
00012c7a  DMA_setDstAddress                          
00012caa  USB_getConnectionInformation               
00012cda  USB_suspend                                
00012d0a  DMA_setSrcAddress                          
00012d38  GPIO_selectInterruptEdge                   
00012d38  gpioSelectPinInterruptEdge                 
00012d66  rfm69ReadRSSI                              
00012d92  __mspabi_divi                              
00012d92  __mspabi_remi                              
00012dbe  usbGetDeviceStatus                         
00012dea  memcpyV                                    
00012e14  rfm69SetPowerLevel                         
00012e3e  GPIO_setAsOutputPin                        
00012e66  GPIO_setAsPeripheralModuleFunctionInputPin 
00012e8e  GPIO_setAsPeripheralModuleFunctionOutputPin
00012ede  spiReadReg                                 
00012f06  usbSetConfiguration                        
00012f2c  __TI_zero_init                             
00012f50  __mspabi_mpyl_f5hw                         
00012f74  usbDisableInEndpointInterrupt              
00012f98  usbDisableOutEndpointInterrupt             
00012fbc  spiWriteReg                                
00012fde  usbSendDataPacketOnEP0                     
00013000  WDT_A_hold                                 
00013020  usbSetAddress                              
00013040  GPIO_clearInterrupt                        
00013040  gpioClearPinInterrupt                      
0001305e  GPIO_enableInterrupt                       
0001305e  gpioEnablePinInterrupt                     
0001307c  UCS_clearAllOscFlagsWithTimeout            
0001309a  UCS_getACLK                                
000130b8  usbGetInterface                            
000130d6  usbGetInterfaceStatus                      
000130f4  GPIO_setOutputHighOnPin                    
00013110  GPIO_setOutputLowOnPin                     
0001312c  IEP0InterruptHandler                       
00013164  sysDelayMs                                 
00013180  CdcIsReceiveInProgress                     
0001319a  UCS_getSMCLK                               
000131b4  USB_connect                                
000131ce  rfm69SetHighPower                          
000131e8  USB_resume                                 
00013200  __mspabi_mpyi_f5hw                         
00013218  spiTransmitByte                            
00013230  usbClearDeviceFeature                      
00013248  usbSetDeviceFeature                        
00013260  UCS_getMCLK                                
00013276  memset                                     
0001328c  __mspabi_divu                              
0001328c  __mspabi_remu                              
000132a2  usbGetConfigurationDescriptor              
000132b8  usbGetDeviceDescriptor                     
000132ce  USB_handleVbusOnEvent                      
000132e2  memcpy                                     
000132f6  usbGetConfiguration                        
0001330a  usbReceiveDataPacketOnEP0                  
0001331e  usbSetControlLineState                     
00013332  UCS_setExternalClockSource                 
00013344  __TI_decompress_none                       
00013356  usbSetInterface                            
00013368  DMA_disableTransfers                       
00013378  DMA_enableTransfers                        
00013388  DMA_getInterruptStatus                     
00013396  DMA_startTransfer                          
000133a4  spiReceiveByte                             
000133b2  usbInvalidRequest                          
000133c0  usbSendZeroLengthPacketOnIEP0              
000133ce  DMA_setTransferSize                        
000133da  Timer_A_setCompareValue                    
000133e6  USCI_B_SPI_clearInterrupt                  
000133f2  USCI_B_SPI_enableInterrupt                 
000133fe  USCI_B_SPI_isBusy                          
0001340a  _system_pre_init                           
00013416  spiSlaveDisable                            
00013422  spiSlaveEnable                             
0001342e  usbSetLineCoding                           
0001343a  Timer_A_clearCaptureCompareInterrupt       
00013444  Timer_A_getCaptureCompareCount             
0001344e  USCI_B_SPI_getInterruptStatus              
00013458  USCI_B_SPI_transmitData                    
00013462  __mspabi_slli                              
0001346c  __mspabi_srli                              
00013476  sysGetGTime                                
00013480  usbStallEndpoint0                          
0001348a  UCS_turnOffXT2                             
00013492  USBCDC_handleDataReceived                  
0001349a  USB_handleVbusOffEvent                     
000134a2  USB_setEnabledEvents                       
000134aa  USCI_B_SPI_receiveData                     
000134b2  rfm69Sleep                                 
000134ba  DMA_disableTransferDuringReadModifyWrite   
000134c0  DMA_enableTransferDuringReadModifyWrite    
000134c6  SFR_clearInterrupt                         
000134cc  SFR_enableInterrupt                        
000134d2  Timer_A_startCounter                       
000134d8  USB_getVersion                             
000134de  USCI_B_SPI_enable                          
000134e4  C$$EXIT                                    
000134e4  abort                                      
000134ea  rfm69Promiscuous                           
000134f0  usbClearOEP0ByteCount                      
000134f6  usbRestoreInEndpointInterrupt              
000134fc  usbRestoreOutEndpointInterrupt             
00013502  usbStallOEP0                               
00013508  USBCDC_handleReceiveCompleted              
0001350c  USBCDC_handleSendCompleted                 
00013510  USBCDC_handleSetControlLineState           
00013514  USBCDC_handleSetLineCoding                 
00013518  USB_handleClockEvent                       
0001351c  USB_handleEnumerationCompleteEvent         
00013520  USB_handleResetEvent                       
00013524  USB_handleResumeEvent                      
00013528  USB_handleSuspendEvent                     
0001352c  _system_post_cinit                         
ffffffff  __TI_pprof_out_hndl                        
ffffffff  __TI_prof_data_size                        
ffffffff  __TI_prof_data_start                       
ffffffff  __c_args__                                 
UNDEFED   __TI_BINIT_Base                            
UNDEFED   __TI_BINIT_Limit                           
UNDEFED   __TI_INITARRAY_Base                        
UNDEFED   __TI_INITARRAY_Limit                       

[1069 symbols]
